// Jest Snapshot v1, https://goo.gl/fbAQLP

exports[`Landing renders and matches snapshot 1`] = `ShallowWrapper {}`;
