// Jest Snapshot v1, https://goo.gl/fbAQLP

exports[`DietCard renders and matches the snapshot 1`] = `ShallowWrapper {}`;
