// Jest Snapshot v1, https://goo.gl/fbAQLP

exports[`Login renders and matches snapshot 1`] = `ShallowWrapper {}`;
